Config loaded for project: Chlorella
PAIR: utex2526 vs utex395
Reading BLAST file and pre-processing
Generating BLAST list
43109 matches imported (19864 discarded)
304 pairwise comparisons
254 alignments generated
Pairwise collinear blocks written to utex2526_utex395.collinearity [0.908 seconds elapsed]
Tandem pairs written to utex2526_utex395.tandem
Writing multiple syntenic blocks to HTML files
scaffold_1.html
scaffold_10.html
scaffold_11.html
scaffold_12.html
scaffold_13.html
scaffold_14.html
scaffold_15.html
scaffold_16.html
scaffold_17.html
scaffold_18.html
scaffold_19.html
scaffold_2.html
scaffold_20.html
scaffold_21.html
scaffold_22.html
scaffold_23.html
scaffold_24.html
scaffold_25.html
scaffold_26.html
scaffold_27.html
scaffold_3.html
scaffold_4.html
scaffold_5.html
scaffold_6.html
scaffold_7.html
scaffold_8.html
scaffold_9.html
Done! [0.137 seconds elapsed]
PAIR: utex2526 vs utexb3016
Reading BLAST file and pre-processing
Generating BLAST list
53417 matches imported (26688 discarded)
309 pairwise comparisons
236 alignments generated
Pairwise collinear blocks written to utex2526_utexb3016.collinearity [1.134 seconds elapsed]
Tandem pairs written to utex2526_utexb3016.tandem
Writing multiple syntenic blocks to HTML files
scaffold_1.html
scaffold_10.html
scaffold_11.html
scaffold_12.html
scaffold_13.html
scaffold_14.html
scaffold_15.html
scaffold_16.html
scaffold_17.html
scaffold_18.html
scaffold_19.html
scaffold_2.html
scaffold_20.html
scaffold_21.html
scaffold_22.html
scaffold_23.html
scaffold_24.html
scaffold_25.html
scaffold_26.html
scaffold_27.html
scaffold_3.html
scaffold_4.html
scaffold_5.html
scaffold_6.html
scaffold_7.html
scaffold_8.html
scaffold_9.html
Done! [0.171 seconds elapsed]
PAIR: utex395 vs utexb3016
Reading BLAST file and pre-processing
Generating BLAST list
64301 matches imported (37126 discarded)
233 pairwise comparisons
216 alignments generated
Pairwise collinear blocks written to utex395_utexb3016.collinearity [1.299 seconds elapsed]
Tandem pairs written to utex395_utexb3016.tandem
Writing multiple syntenic blocks to HTML files
scaffold_1.html
scaffold_10.html
scaffold_12.html
scaffold_13.html
scaffold_14.html
scaffold_15.html
scaffold_16.html
scaffold_17.html
scaffold_18.html
scaffold_19.html
scaffold_2.html
scaffold_20.html
scaffold_21.html
scaffold_22.html
scaffold_23.html
scaffold_24.html
scaffold_25.html
scaffold_3.html
scaffold_4.html
scaffold_5.html
scaffold_7.html
scaffold_8.html
scaffold_9.html
Done! [0.181 seconds elapsed]
Pairwise analyses done
